[26Jan2026 22:42:54.347] [main/INFO] [cpw.mods.modlauncher.Launcher/MODLAUNCHER]: ModLauncher running: args [--username, mechsword, --version, forge-47.4.13, --gameDir, C:\Games\curseforge\minecraft\Instances\Penumbralcraft, --assetsDir, C:\Games\curseforge\minecraft\Install\assets, --assetIndex, 5, --uuid, f4970342a3eb40d193bcb574620b49b7, --accessToken, ????????, --clientId, YTIyNjA0ODEtZTExNC00ZmIwLTg5MjctZmQxMGFmNTZlYWJj, --xuid, 2535422366469698, --userType, msa, --versionType, release, --width, 1024, --height, 768, --quickPlayPath, C:\Games\curseforge\minecraft\Install\quickPlay\java\1769496173059.json, --launchTarget, forgeclient, --fml.forgeVersion, 47.4.13, --fml.mcVersion, 1.20.1, --fml.forgeGroup, net.minecraftforge, --fml.mcpVersion, 20230612.114412]
[26Jan2026 22:42:54.351] [main/INFO] [cpw.mods.modlauncher.Launcher/MODLAUNCHER]: ModLauncher 10.0.9+10.0.9+main.dcd20f30 starting: java version 17.0.15 by Microsoft; OS Windows 11 arch amd64 version 10.0
[26Jan2026 22:42:55.602] [main/INFO] [net.minecraftforge.fml.loading.ImmediateWindowHandler/]: Loading ImmediateWindowProvider fmlearlywindow
[26Jan2026 22:42:55.663] [main/INFO] [EARLYDISPLAY/]: Trying GL version 4.6
[26Jan2026 22:42:55.953] [main/INFO] [EARLYDISPLAY/]: Requested GL version 4.6 got version 4.6
[26Jan2026 22:42:55.991] [main/INFO] [mixin-transmog/]: Mixin Transmogrifier is definitely up to no good...
[26Jan2026 22:42:56.006] [main/INFO] [mixin-transmog/]: crimes against java were committed
[26Jan2026 22:42:56.016] [main/INFO] [mixin-transmog/]: Original mixin transformation service successfully crobbed by mixin-transmogrifier!
[26Jan2026 22:42:56.042] [main/INFO] [mixin/]: SpongePowered MIXIN Subsystem Version=0.8.5 Source=union:/C:/Games/curseforge/minecraft/Instances/Penumbralcraft/mods/Connector-1.0.0-beta.47+1.20.1.jar%23584%23587!/ Service=ModLauncher Env=CLIENT
[26Jan2026 22:42:56.125] [pool-2-thread-1/INFO] [EARLYDISPLAY/]: GL info: NVIDIA GeForce RTX 5090/PCIe/SSE2 GL version 4.6.0 NVIDIA 591.44, NVIDIA Corporation
[26Jan2026 22:42:56.732] [main/WARN] [net.minecraftforge.fml.loading.moddiscovery.ModFileParser/LOADING]: Mod file C:\Games\curseforge\minecraft\Install\libraries\net\minecraftforge\fmlcore\1.20.1-47.4.13\fmlcore-1.20.1-47.4.13.jar is missing mods.toml file
[26Jan2026 22:42:56.735] [main/WARN] [net.minecraftforge.fml.loading.moddiscovery.ModFileParser/LOADING]: Mod file C:\Games\curseforge\minecraft\Install\libraries\net\minecraftforge\javafmllanguage\1.20.1-47.4.13\javafmllanguage-1.20.1-47.4.13.jar is missing mods.toml file
[26Jan2026 22:42:56.739] [main/WARN] [net.minecraftforge.fml.loading.moddiscovery.ModFileParser/LOADING]: Mod file C:\Games\curseforge\minecraft\Install\libraries\net\minecraftforge\lowcodelanguage\1.20.1-47.4.13\lowcodelanguage-1.20.1-47.4.13.jar is missing mods.toml file
[26Jan2026 22:42:56.741] [main/WARN] [net.minecraftforge.fml.loading.moddiscovery.ModFileParser/LOADING]: Mod file C:\Games\curseforge\minecraft\Install\libraries\net\minecraftforge\mclanguage\1.20.1-47.4.13\mclanguage-1.20.1-47.4.13.jar is missing mods.toml file
[26Jan2026 22:42:57.924] [main/WARN] [net.minecraftforge.jarjar.selection.JarSelector/]: Attempted to select two dependency jars from JarJar which have the same identification: Mod File:  and Mod File: . Using Mod File: 
[26Jan2026 22:42:57.926] [main/WARN] [net.minecraftforge.jarjar.selection.JarSelector/]: Attempted to select a dependency jar for JarJar which was passed in as source: geckolib. Using Mod File: C:\Games\curseforge\minecraft\Instances\Penumbralcraft\mods\geckolib-forge-1.20.1-4.8.2.jar
[26Jan2026 22:42:57.926] [main/WARN] [net.minecraftforge.jarjar.selection.JarSelector/]: Attempted to select a dependency jar for JarJar which was passed in as source: architectury. Using Mod File: C:\Games\curseforge\minecraft\Instances\Penumbralcraft\mods\architectury-9.2.14-forge.jar
[26Jan2026 22:42:57.926] [main/WARN] [net.minecraftforge.jarjar.selection.JarSelector/]: Attempted to select a dependency jar for JarJar which was passed in as source: midnightlib. Using Mod File: C:\Games\curseforge\minecraft\Instances\Penumbralcraft\mods\midnightlib-forge-1.9.2+1.20.1.jar
[26Jan2026 22:42:57.926] [main/WARN] [net.minecraftforge.jarjar.selection.JarSelector/]: Attempted to select a dependency jar for JarJar which was passed in as source: spectrelib. Using Mod File: C:\Games\curseforge\minecraft\Instances\Penumbralcraft\mods\spectrelib-forge-0.13.15+1.20.1.jar
[26Jan2026 22:42:57.926] [main/WARN] [net.minecraftforge.jarjar.selection.JarSelector/]: Attempted to select a dependency jar for JarJar which was passed in as source: yet_another_config_lib_v3. Using Mod File: C:\Games\curseforge\minecraft\Instances\Penumbralcraft\mods\yet_another_config_lib_v3-3.6.6+1.20.1-forge.jar
[26Jan2026 22:42:57.927] [main/INFO] [net.minecraftforge.fml.loading.moddiscovery.JarInJarDependencyLocator/]: Found 115 dependencies adding them to mods collection
[26Jan2026 22:42:59.178] [main/INFO] [org.sinytra.connector.locator.DependencyResolver/]: Dependency resolution found 5 candidates to load
[26Jan2026 22:43:00.695] [main/INFO] [org.sinytra.connector.service.hacks.ModuleLayerMigrator/]: Successfully made module authlib transformable
[26Jan2026 22:43:04.594] [main/INFO] [mixin/]: Compatibility level set to JAVA_17
